19:07:26 [INFO] [System] LogManager 初始化成功，开始记录日志。
19:07:27 [WARN] [Input] 鼠标未捕获(Mode=4)，拦截丢弃战斗点击！
19:07:27 [DEBUG] [Input] 战斗点击捕获: btn=2 pressed=false
19:07:27 [INFO] [Combat] 右键松开，判断是否结算施法
19:07:28 [DEBUG] [Input] 战斗点击捕获: btn=1 pressed=true
19:07:28 [DEBUG] [Input] 战斗点击捕获: btn=1 pressed=false
19:07:30 [DEBUG] [Input] 战斗点击捕获: btn=1 pressed=true
19:07:30 [DEBUG] [Input] 战斗点击捕获: btn=1 pressed=false
19:07:31 [DEBUG] [Input] 战斗点击捕获: btn=1 pressed=true
19:07:31 [DEBUG] [Input] 战斗点击捕获: btn=1 pressed=false
19:07:32 [DEBUG] [Input] 战斗点击捕获: btn=1 pressed=true
19:07:32 [DEBUG] [Input] 战斗点击捕获: btn=1 pressed=false
19:07:32 [DEBUG] [Input] 战斗点击捕获: btn=1 pressed=true
19:07:32 [DEBUG] [Input] 战斗点击捕获: btn=1 pressed=false
19:07:32 [DEBUG] [Input] 战斗点击捕获: btn=2 pressed=true
19:07:32 [INFO] [Combat] 右键按下，准备蓄力右手法术
19:07:32 [DEBUG] [Combat] 尝试开始蓄力，is_left: false
19:07:32 [DEBUG] [Combat] 选定法术: 回春术
19:07:32 [INFO] [Combat] 开始蓄力法术：回春术 需要时间：2.0
19:07:32 [DEBUG] [Input] 战斗点击捕获: btn=2 pressed=false
19:07:32 [INFO] [Combat] 右键松开，判断是否结算施法
19:07:32 [INFO] [Combat] 施法结算。已蓄力时间：0.10416666666667 / 2.0
19:07:33 [DEBUG] [Input] 战斗点击捕获: btn=2 pressed=true
19:07:33 [INFO] [Combat] 右键按下，准备蓄力右手法术
19:07:33 [DEBUG] [Combat] 尝试开始蓄力，is_left: false
19:07:33 [DEBUG] [Combat] 选定法术: 回春术
19:07:33 [INFO] [Combat] 开始蓄力法术：回春术 需要时间：2.0
19:07:34 [DEBUG] [Input] 战斗点击捕获: btn=2 pressed=false
19:07:34 [INFO] [Combat] 右键松开，判断是否结算施法
19:07:34 [INFO] [Combat] 施法结算。已蓄力时间：0.36805555555556 / 2.0
19:07:35 [DEBUG] [Input] 战斗点击捕获: btn=1 pressed=true
19:07:35 [DEBUG] [Input] 战斗点击捕获: btn=1 pressed=false
19:07:36 [DEBUG] [Input] 战斗点击捕获: btn=1 pressed=true
19:07:36 [DEBUG] [Input] 战斗点击捕获: btn=1 pressed=false
19:07:36 [DEBUG] [Input] 战斗点击捕获: btn=2 pressed=true
19:07:36 [INFO] [Combat] 右键按下，准备蓄力右手法术
19:07:36 [DEBUG] [Combat] 尝试开始蓄力，is_left: false
19:07:36 [DEBUG] [Combat] 选定法术: 回春术
19:07:36 [INFO] [Combat] 开始蓄力法术：回春术 需要时间：2.0
19:07:36 [DEBUG] [Input] 战斗点击捕获: btn=2 pressed=false
19:07:36 [INFO] [Combat] 右键松开，判断是否结算施法
19:07:36 [INFO] [Combat] 施法结算。已蓄力时间：0.09027777777778 / 2.0
19:07:36 [DEBUG] [Input] 战斗点击捕获: btn=2 pressed=true
19:07:36 [INFO] [Combat] 右键按下，准备蓄力右手法术
19:07:36 [DEBUG] [Combat] 尝试开始蓄力，is_left: false
19:07:36 [DEBUG] [Combat] 选定法术: 回春术
19:07:36 [INFO] [Combat] 开始蓄力法术：回春术 需要时间：2.0
19:07:36 [DEBUG] [Input] 战斗点击捕获: btn=2 pressed=false
19:07:36 [INFO] [Combat] 右键松开，判断是否结算施法
19:07:36 [INFO] [Combat] 施法结算。已蓄力时间：0.08333333333333 / 2.0
19:07:37 [DEBUG] [Input] 战斗点击捕获: btn=2 pressed=true
19:07:37 [INFO] [Combat] 右键按下，准备蓄力右手法术
19:07:37 [DEBUG] [Combat] 尝试开始蓄力，is_left: false
19:07:37 [DEBUG] [Combat] 选定法术: 回春术
19:07:37 [INFO] [Combat] 开始蓄力法术：回春术 需要时间：2.0
19:07:37 [DEBUG] [Input] 战斗点击捕获: btn=2 pressed=false
19:07:37 [INFO] [Combat] 右键松开，判断是否结算施法
19:07:37 [INFO] [Combat] 施法结算。已蓄力时间：0.05555555555556 / 2.0
19:07:41 [INFO] [System] 游戏关闭，停止记录日志。
