19:16:11 [INFO] [System] LogManager 初始化成功，开始分级记录日志。
19:16:16 [WARN] [Input] 鼠标未捕获(Mode=0)，拦截丢弃战斗点击！
19:16:17 [WARN] [Input] 鼠标未捕获(Mode=0)，拦截丢弃战斗点击！
19:16:19 [WARN] [Input] 鼠标未捕获(Mode=0)，拦截丢弃战斗点击！
19:16:19 [WARN] [Input] 鼠标未捕获(Mode=0)，拦截丢弃战斗点击！
19:16:26 [INFO] [Combat] 左手没有物品和武器，开始蓄力左手法术
19:16:26 [INFO] [Combat] 开始蓄力法术：火球术 需要时间：1.0
19:16:26 [INFO] [Combat] 施法结算。已蓄力时间：0.11805555555556 / 1.0
19:16:27 [INFO] [Combat] 右键按下，准备蓄力右手法术
19:16:27 [INFO] [Combat] 开始蓄力法术：回春术 需要时间：2.0
19:16:27 [INFO] [Combat] 右键松开，判断是否结算施法
19:16:27 [INFO] [Combat] 施法结算。已蓄力时间：0.47916666666667 / 2.0
19:16:27 [INFO] [Combat] 左手没有物品和武器，开始蓄力左手法术
19:16:27 [INFO] [Combat] 开始蓄力法术：火球术 需要时间：1.0
19:16:27 [INFO] [Combat] 施法结算。已蓄力时间：0.09722222222222 / 1.0
19:16:28 [INFO] [Combat] 左手没有物品和武器，开始蓄力左手法术
19:16:28 [INFO] [Combat] 开始蓄力法术：火球术 需要时间：1.0
19:16:28 [INFO] [Combat] 施法结算。已蓄力时间：0.06944444444444 / 1.0
19:16:28 [INFO] [Combat] 左手没有物品和武器，开始蓄力左手法术
19:16:28 [INFO] [Combat] 开始蓄力法术：火球术 需要时间：1.0
19:16:29 [INFO] [Combat] 施法结算。已蓄力时间：0.11805555555556 / 1.0
19:16:34 [INFO] [Combat] 右键按下，准备蓄力右手法术
19:16:34 [INFO] [Combat] 开始蓄力法术：回春术 需要时间：2.0
19:16:34 [INFO] [Combat] 右键松开，判断是否结算施法
19:16:34 [INFO] [Combat] 施法结算。已蓄力时间：0.09722222222222 / 2.0
19:16:44 [INFO] [Combat] 右键按下，准备蓄力右手法术
19:16:44 [INFO] [Combat] 开始蓄力法术：回春术 需要时间：2.0
19:16:44 [INFO] [Combat] 右键松开，判断是否结算施法
19:16:45 [INFO] [Combat] 施法结算。已蓄力时间：0.13888888888889 / 2.0
19:16:52 [WARN] [Input] 鼠标未捕获(Mode=0)，拦截丢弃战斗点击！
19:16:53 [INFO] [Combat] 右键按下，准备蓄力右手法术
19:16:53 [INFO] [Combat] 开始蓄力法术：回春术 需要时间：2.0
19:16:54 [INFO] [Combat] 右键松开，判断是否结算施法
19:16:54 [INFO] [Combat] 施法结算。已蓄力时间：0.083328 / 2.0
19:17:07 [WARN] [Input] 鼠标未捕获(Mode=0)，拦截丢弃战斗点击！
19:17:23 [INFO] [System] 游戏关闭，停止记录日志。
