14:51:22 [INFO] [System] LogManager 初始化成功，开始分级记录日志。
14:51:26 [DEBUG] [Input] 战斗点击捕获: btn=2 pressed=true
14:51:26 [INFO] [Combat] 右键按下，空手状态，准备蓄力右手法术
14:51:26 [DEBUG] [Combat] 尝试开始蓄力，is_left: false
14:51:26 [DEBUG] [Combat] 选定法术: 火球术
14:51:26 [INFO] [Combat] 开始蓄力法术：火球术 需要时间：1.0
14:51:26 [DEBUG] [Input] 战斗点击捕获: btn=2 pressed=false
14:51:26 [INFO] [Combat] 右键松开，判断是否结算施法
14:51:26 [INFO] [Combat] 施法结算。已蓄力时间：0.11111111111111 / 1.0
14:51:39 [DEBUG] [Input] 战斗点击捕获: btn=2 pressed=true
14:51:39 [INFO] [Combat] 右键按下，空手状态，准备蓄力右手法术
14:51:39 [DEBUG] [Combat] 尝试开始蓄力，is_left: false
14:51:39 [DEBUG] [Combat] 选定法术: 火球术
14:51:39 [INFO] [Combat] 开始蓄力法术：火球术 需要时间：1.0
14:51:40 [DEBUG] [Combat] 【接口】播放蓄力完成音效：火球术
14:51:40 [DEBUG] [Combat] 【接口】播放蓄力完成特效：火球术
14:51:40 [DEBUG] [Input] 战斗点击捕获: btn=2 pressed=false
14:51:40 [INFO] [Combat] 右键松开，判断是否结算施法
14:51:40 [INFO] [Combat] 施法结算。已蓄力时间：1.42352 / 1.0
14:51:58 [INFO] [System] 游戏关闭，停止记录日志。
